[{"stream_name":"stderr","time":6.174350593,"data":"0.00s - Debugger warning: It seems that frozen modules are being used, which may\n"}
,{"stream_name":"stderr","time":6.174420803,"data":"0.00s - make the debugger miss breakpoints. Please pass -Xfrozen_modules=off\n"}
,{"stream_name":"stderr","time":6.1744248,"data":"0.00s - to python to disable frozen modules.\n"}
,{"stream_name":"stderr","time":6.174427433,"data":"0.00s - Note: Debugging will proceed. Set PYDEVD_DISABLE_FILE_VALIDATION=1 to disable this validation.\n"}
,{"stream_name":"stderr","time":6.719338571,"data":"0.00s - Debugger warning: It seems that frozen modules are being used, which may\n"}
,{"stream_name":"stderr","time":6.71937542,"data":"0.00s - make the debugger miss breakpoints. Please pass -Xfrozen_modules=off\n"}
,{"stream_name":"stderr","time":6.719381056,"data":"0.00s - to python to disable frozen modules.\n"}
,{"stream_name":"stderr","time":6.719385522,"data":"0.00s - Note: Debugging will proceed. Set PYDEVD_DISABLE_FILE_VALIDATION=1 to disable this validation.\n"}
,{"stream_name":"stdout","time":11.373243001,"data":"\u001b[?25l   \u001b[90m━━━━━━━━━━━━━━━━━━━━━━━━━━━━━━━━━━━━━━━━\u001b[0m \u001b[32m0.0/23.1 MB\u001b[0m \u001b[31m?\u001b[0m eta \u001b[36m-:--:--\u001b[0m\r\u001b[2K   \u001b[90m━━━━━━━━━━━━━━━━━━━━━━━━━━━━━━━━━━━━━━━━\u001b[0m \u001b[32m0.0/23.1 MB\u001b[0m \u001b[31m2.2 MB/s\u001b[0m eta \u001b[36m0:00:11\u001b[0m\r\u001b[2K   \u001b[90m━━━━━━━━━━━━━━━━━━━━━━━━━━━━━━━━━━━━━━━━\u001b[0m \u001b[32m0.1/23.1 MB\u001b[0m \u001b[31m1.6 MB/s\u001b[0m eta \u001b[36m0:00:15\u001b[0m\r\u001b[2K   \u001b[90m━━━━━━━━━━━━━━━━━━━━━━━━━━━━━━━━━━━━━━━━\u001b[0m \u001b[32m0.2/23.1 MB\u001b[0m \u001b[31m2.2 MB/s\u001b[0m eta \u001b[36m0:00:11\u001b[0m\r\u001b[2K   \u001b[91m╸\u001b[0m\u001b[90m━━━━━━━━━━━━━━━━━━━━━━━━━━━━━━━━━━━━━━━\u001b[0m \u001b[32m0.4/23.1 MB\u001b[0m \u001b[31m3.0 MB/s\u001b[0m eta \u001b[36m0:00:08\u001b[0m\r\u001b[2K   \u001b[91m━\u001b[0m\u001b[90m╺\u001b[0m\u001b[90m━━━━━━━━━━━━━━━━━━━━━━━━━━━━━━━━━━━━━━\u001b[0m \u001b[32m0.7/23.1 MB\u001b[0m \u001b[31m4.2 MB/s\u001b[0m eta \u001b[36m0:00:06\u001b[0m\r\u001b[2K   \u001b[91m━━\u001b[0m\u001b[90m╺\u001b[0m\u001b[90m━━━━━━━━━━━━━━━━━━━━━━━━━━━━━━━━━━━━━\u001b[0m \u001b[32m1.3/23.1 MB\u001b[0m \u001b[31m6.7 MB/s\u001b[0m eta \u001b[36m0:00:04\u001b[0m\r\u001b[2K   \u001b[91m━━━━\u001b[0m\u001b[91m╸\u001b[0m\u001b[90m━━━━━━━━━━━━━━━━━━━━━━━━━━━━━━━━━━━\u001b[0m \u001b[32m2.6/23.1 MB\u001b[0m \u001b[31m11.2 MB/s\u001b[0m eta \u001b[36m0:00:02\u001b[0m\r\u001b[2K   \u001b[91m━━━━━━━\u001b[0m\u001b[91m╸\u001b[0m\u001b[90m━━━━━━━━━━━━━━━━━━━━━━━━━━━━━━━━\u001b[0m \u001b[32m4.4/23.1 MB\u001b[0m \u001b[31m16.4 MB/s\u001b[0m eta \u001b[36m0:00:02\u001b[0m\r\u001b[2K   \u001b[91m━━━━━━━━━━━━\u001b[0m\u001b[91m╸\u001b[0m\u001b[90m━━━━━━━━━━━━━━━━━━━━━━━━━━━\u001b[0m \u001b[32m7.3/23.1 MB\u001b[0m \u001b[31m24.0 MB/s\u001b[0m eta \u001b[36m0:00:01\u001b[0m\r\u001b[2K   \u001b[91m━━━━━━━━━━━━━━━━━\u001b[0m\u001b[91m╸\u001b[0m\u001b[90m━━━━━━━━━━━━━━━━━━━━━━\u001b[0m \u001b[32m10.2/23.1 MB\u001b[0m \u001b[31m29.9 MB/s\u001b[0m eta \u001b[36m0:00:01\u001b[0m\r\u001b[2K   \u001b[91m━━━━━━━━━━━━━━━━━━━━━━━\u001b[0m\u001b[90m╺\u001b[0m\u001b[90m━━━━━━━━━━━━━━━━\u001b[0m \u001b[32m13.6/23.1 MB\u001b[0m \u001b[31m96.2 MB/s\u001b[0m eta \u001b[36m0:00:01\u001b[0m\r\u001b[2K   \u001b[91m━━━━━━━━━━━━━━━━━━━━━━━━━━━━━━\u001b[0m\u001b[90m╺\u001b[0m\u001b[90m━━━━━━━━━\u001b[0m \u001b[32m17.6/23.1 MB\u001b[0m \u001b[31m102.1 MB/s\u001b[0m eta \u001b[36m0:00:01\u001b[0m\r\u001b[2K   \u001b[91m━━━━━━━━━━━━━━━━━━━━━━━━━━━━━━━━━━━\u001b[0m\u001b[91m╸\u001b[0m\u001b[90m━━━━\u001b[0m \u001b[32m20.8/23.1 MB\u001b[0m \u001b[31m101.3 MB/s\u001b[0m eta \u001b[36m0:00:01\u001b[0m\r\u001b[2K   \u001b[91m━━━━━━━━━━━━━━━━━━━━━━━━━━━━━━━━━━━━━━━\u001b[0m\u001b[91m╸\u001b[0m \u001b[32m23.1/23.1 MB\u001b[0m \u001b[31m88.1 MB/s\u001b[0m eta \u001b[36m0:00:01\u001b[0m\r\u001b[2K   \u001b[91m━━━━━━━━━━━━━━━━━━━━━━━━━━━━━━━━━━━━━━━\u001b[0m\u001b[91m╸\u001b[0m \u001b[32m23.1/23.1 MB\u001b[0m \u001b[31m88.1 MB/s\u001b[0m eta \u001b[36m0:00:01\u001b[0m\r\u001b[2K   \u001b[91m━━━━━━━━━━━━━━━━━━━━━━━━━━━━━━━━━━━━━━━\u001b[0m\u001b[91m╸\u001b[0m \u001b[32m23.1/23.1 MB\u001b[0m \u001b[31m88.1 MB/s\u001b[0m eta \u001b[36m0:00:01\u001b[0m\r\u001b[2K   \u001b[90m━━━━━━━━━━━━━━━━━━━━━━━━━━━━━━━━━━━━━━━━\u001b[0m \u001b[32m23.1/23.1 MB\u001b[0m \u001b[31m50.3 MB/s\u001b[0m eta \u001b[36m0:00:00\u001b[0m\r\n"}
,{"stream_name":"stdout","time":11.42398229,"data":"\u001b[?25h\u001b[?25l   \u001b[90m━━━━━━━━━━━━━━━━━━━━━━━━━━━━━━━━━━━━━━━━\u001b[0m \u001b[32m0.0/722.0 kB\u001b[0m \u001b[31m?\u001b[0m eta \u001b[36m-:--:--\u001b[0m\r\u001b[2K   \u001b[90m━━━━━━━━━━━━━━━━━━━━━━━━━━━━━━━━━━━━━━━━\u001b[0m \u001b[32m722.0/722.0 kB\u001b[0m \u001b[31m41.0 MB/s\u001b[0m eta \u001b[36m0:00:00\u001b[0m\r\n"}
,{"stream_name":"stdout","time":11.474613179,"data":"\u001b[?25h\u001b[?25l   \u001b[90m━━━━━━━━━━━━━━━━━━━━━━━━━━━━━━━━━━━━━━━━\u001b[0m \u001b[32m0.0/185.8 kB\u001b[0m \u001b[31m?\u001b[0m eta \u001b[36m-:--:--\u001b[0m\r\u001b[2K   \u001b[90m━━━━━━━━━━━━━━━━━━━━━━━━━━━━━━━━━━━━━━━━\u001b[0m \u001b[32m185.8/185.8 kB\u001b[0m \u001b[31m13.7 MB/s\u001b[0m eta \u001b[36m0:00:00\u001b[0m\r\n"}
,{"stream_name":"stdout","time":15.453954084,"data":"\u001b[?25hNote: you may need to restart the kernel to use updated packages.\n"}
,{"stream_name":"stdout","time":15.480930191,"data":"Writing turn_detector/__init__.py\n"}
,{"stream_name":"stdout","time":15.493818154,"data":"Writing turn_detector/common.py\n"}
,{"stream_name":"stdout","time":15.507010214,"data":"Writing turn_detector/features.py\n"}
,{"stream_name":"stdout","time":15.521201721,"data":"Writing turn_detector/augment.py\n"}
,{"stream_name":"stdout","time":15.536030706,"data":"Writing turn_detector/config.py\n"}
,{"stream_name":"stdout","time":15.550451304,"data":"Writing turn_detector/model.py\n"}
,{"stream_name":"stdout","time":15.566396988,"data":"Writing turn_detector/dataset.py\n"}
,{"stream_name":"stdout","time":15.587011051,"data":"Writing turn_detector/train.py\n"}
,{"stream_name":"stderr","time":22.344534696,"data":"Traceback (most recent call last):\n"}
,{"stream_name":"stderr","time":22.344681593,"data":"  File \"\u003cstring\u003e\", line 1, in \u003cmodule\u003e\n"}
,{"stream_name":"stderr","time":22.344696272,"data":"  File \"/usr/local/lib/python3.12/dist-packages/papermill/execute.py\", line 131, in execute_notebook\n"}
,{"stream_name":"stderr","time":22.344898879,"data":"    raise_for_execution_errors(nb, output_path)\n"}
,{"stream_name":"stderr","time":22.34498216,"data":"  File \"/usr/local/lib/python3.12/dist-packages/papermill/execute.py\", line 251, in raise_for_execution_errors\n"}
,{"stream_name":"stderr","time":22.345171221,"data":"    raise error\n"}
,{"stream_name":"stderr","time":22.345567667,"data":"papermill.exceptions.PapermillExecutionError: \n"}
,{"stream_name":"stderr","time":22.345590507,"data":"---------------------------------------------------------------------------\n"}
,{"stream_name":"stderr","time":22.345595395,"data":"Exception encountered at \"In [12]\":\n"}
,{"stream_name":"stderr","time":22.345599583,"data":"---------------------------------------------------------------------------\n"}
,{"stream_name":"stderr","time":22.345604059,"data":"FileNotFoundError                         Traceback (most recent call last)\n"}
,{"stream_name":"stderr","time":22.345608239,"data":"/tmp/ipykernel_23/1518707654.py in \u003ccell line: 0\u003e()\n"}
,{"stream_name":"stderr","time":22.345612517,"data":"     42 }\n"}
,{"stream_name":"stderr","time":22.345616313,"data":"     43 \n"}
,{"stream_name":"stderr","time":22.345620055,"data":"---\u003e 44 metrics = train(cfg, sources, str(out_dir), num_workers=3,\n"}
,{"stream_name":"stderr","time":22.345624447,"data":"     45                 time_budget_minutes=TIME_BUDGET_MIN)\n"}
,{"stream_name":"stderr","time":22.345628311,"data":"     46 \n"}
,{"stream_name":"stderr","time":22.345632574,"data":"\n"}
,{"stream_name":"stderr","time":22.345636542,"data":"/kaggle/working/turn_detector/train.py in train(cfg, sources, out_dir, device, steps_per_epoch, num_workers, time_budget_minutes)\n"}
,{"stream_name":"stderr","time":22.345640659,"data":"    176     np.random.seed(cfg.seed)\n"}
,{"stream_name":"stderr","time":22.345644673,"data":"    177 \n"}
,{"stream_name":"stderr","time":22.345654479,"data":"--\u003e 178     train_df = load_manifests(sources[\"train\"], \"train\")\n"}
,{"stream_name":"stderr","time":22.345658695,"data":"    179     val_df = load_manifests(sources[\"val\"], \"val\")\n"}
,{"stream_name":"stderr","time":22.34566273,"data":"    180     print(f\"train rows: {train_df.height}, val rows: {val_df.height}\")\n"}
,{"stream_name":"stderr","time":22.345666675,"data":"\n"}
,{"stream_name":"stderr","time":22.34567038,"data":"/kaggle/working/turn_detector/dataset.py in load_manifests(sources, split)\n"}
,{"stream_name":"stderr","time":22.345674785,"data":"     33     frames = []\n"}
,{"stream_name":"stderr","time":22.345678513,"data":"     34     for manifest_path, audio_root in sources:\n"}
,{"stream_name":"stderr","time":22.345683028,"data":"---\u003e 35         df = pl.read_parquet(manifest_path).filter(pl.col(\"split\") == split)\n"}
,{"stream_name":"stderr","time":22.345687504,"data":"     36         for col, default in OPTIONAL_COLS.items():\n"}
,{"stream_name":"stderr","time":22.345691685,"data":"     37             if col not in df.columns:\n"}
,{"stream_name":"stderr","time":22.345695909,"data":"\n"}
,{"stream_name":"stderr","time":22.345700022,"data":"/usr/local/lib/python3.12/dist-packages/polars/_utils/deprecation.py in wrapper(*args, **kwargs)\n"}
,{"stream_name":"stderr","time":22.345704397,"data":"    126                 old_name, new_name, kwargs, function.__qualname__, version\n"}
,{"stream_name":"stderr","time":22.345715215,"data":"    127             )\n"}
,{"stream_name":"stderr","time":22.345719124,"data":"--\u003e 128             return function(*args, **kwargs)\n"}
,{"stream_name":"stderr","time":22.345723872,"data":"    129 \n"}
,{"stream_name":"stderr","time":22.345727615,"data":"    130         wrapper.__signature__ = inspect.signature(function)  # type: ignore[attr-defined]\n"}
,{"stream_name":"stderr","time":22.345731489,"data":"\n"}
,{"stream_name":"stderr","time":22.345735112,"data":"/usr/local/lib/python3.12/dist-packages/polars/_utils/deprecation.py in wrapper(*args, **kwargs)\n"}
,{"stream_name":"stderr","time":22.345739015,"data":"    126                 old_name, new_name, kwargs, function.__qualname__, version\n"}
,{"stream_name":"stderr","time":22.345743002,"data":"    127             )\n"}
,{"stream_name":"stderr","time":22.345746985,"data":"--\u003e 128             return function(*args, **kwargs)\n"}
,{"stream_name":"stderr","time":22.345750868,"data":"    129 \n"}
,{"stream_name":"stderr","time":22.34575476,"data":"    130         wrapper.__signature__ = inspect.signature(function)  # type: ignore[attr-defined]\n"}
,{"stream_name":"stderr","time":22.345759017,"data":"\n"}
,{"stream_name":"stderr","time":22.345764592,"data":"/usr/local/lib/python3.12/dist-packages/polars/io/parquet/functions.py in read_parquet(source, columns, n_rows, row_index_name, row_index_offset, parallel, use_statistics, hive_partitioning, glob, schema, hive_schema, try_parse_hive_dates, rechunk, low_memory, storage_options, credential_provider, retries, use_pyarrow, pyarrow_options, memory_map, include_file_paths, missing_columns, allow_missing_columns)\n"}
,{"stream_name":"stderr","time":22.345770261,"data":"    287             lf = lf.select(columns)\n"}
,{"stream_name":"stderr","time":22.345774095,"data":"    288 \n"}
,{"stream_name":"stderr","time":22.345777771,"data":"--\u003e 289     return lf.collect()\n"}
,{"stream_name":"stderr","time":22.345781103,"data":"    290 \n"}
,{"stream_name":"stderr","time":22.345784387,"data":"    291 \n"}
,{"stream_name":"stderr","time":22.345787633,"data":"\n"}
,{"stream_name":"stderr","time":22.345790828,"data":"/usr/local/lib/python3.12/dist-packages/polars/_utils/deprecation.py in wrapper(*args, **kwargs)\n"}
,{"stream_name":"stderr","time":22.345794442,"data":"     95                 del kwargs[\"streaming\"]\n"}
,{"stream_name":"stderr","time":22.345797928,"data":"     96 \n"}
,{"stream_name":"stderr","time":22.34580118,"data":"---\u003e 97             return function(*args, **kwargs)\n"}
,{"stream_name":"stderr","time":22.345804669,"data":"     98 \n"}
,{"stream_name":"stderr","time":22.345807961,"data":"     99         wrapper.__signature__ = inspect.signature(function)  # type: ignore[attr-defined]\n"}
,{"stream_name":"stderr","time":22.345811539,"data":"\n"}
,{"stream_name":"stderr","time":22.345814766,"data":"/usr/local/lib/python3.12/dist-packages/polars/lazyframe/opt_flags.py in wrapper(*args, **kwargs)\n"}
,{"stream_name":"stderr","time":22.345818265,"data":"    326 \n"}
,{"stream_name":"stderr","time":22.3458215,"data":"    327             kwargs[\"optimizations\"] = optflags\n"}
,{"stream_name":"stderr","time":22.345825118,"data":"--\u003e 328             return function(*args, **kwargs)\n"}
,{"stream_name":"stderr","time":22.345828559,"data":"    329 \n"}
,{"stream_name":"stderr","time":22.345831785,"data":"    330         wrapper.__signature__ = inspect.signature(function)  # type: ignore[attr-defined]\n"}
,{"stream_name":"stderr","time":22.345836754,"data":"\n"}
,{"stream_name":"stderr","time":22.34584814,"data":"/usr/local/lib/python3.12/dist-packages/polars/lazyframe/frame.py in collect(self, type_coercion, predicate_pushdown, projection_pushdown, simplify_expression, slice_pushdown, comm_subplan_elim, comm_subexpr_elim, cluster_with_columns, collapse_joins, no_optimization, engine, background, optimizations, **_kwargs)\n"}
,{"stream_name":"stderr","time":22.34585133,"data":"   2420         # Only for testing purposes\n"}
,{"stream_name":"stderr","time":22.345853685,"data":"   2421         callback = _kwargs.get(\"post_opt_callback\", callback)\n"}
,{"stream_name":"stderr","time":22.345856121,"data":"-\u003e 2422         return wrap_df(ldf.collect(engine, callback))\n"}
,{"stream_name":"stderr","time":22.345858567,"data":"   2423 \n"}
,{"stream_name":"stderr","time":22.345860803,"data":"   2424     @overload\n"}
,{"stream_name":"stderr","time":22.345863072,"data":"\n"}
,{"stream_name":"stderr","time":22.345865268,"data":"FileNotFoundError: No such file or directory (os error 2): /kaggle/input/turn-detect-01-data-prep/prep/manifest.parquet\n"}
,{"stream_name":"stderr","time":22.345867705,"data":"\n"}
,{"stream_name":"stderr","time":22.345869917,"data":"This error occurred with the following context stack:\n"}
,{"stream_name":"stderr","time":22.345872246,"data":"\t[1] 'parquet scan'\n"}
,{"stream_name":"stderr","time":22.345874569,"data":"\t[2] 'sink'\n"}
,{"stream_name":"stderr","time":22.345876867,"data":"\n"}
,{"stream_name":"stderr","time":22.345879064000002,"data":"\n"}
,{"stream_name":"stderr","time":24.40774531,"data":"/usr/local/lib/python3.12/dist-packages/mistune.py:435: SyntaxWarning: invalid escape sequence '\\|'\n"}
,{"stream_name":"stderr","time":24.407778693,"data":"  cells[i][c] = re.sub('\\\\\\\\\\|', '|', cell)\n"}
,{"stream_name":"stderr","time":24.549400412,"data":"/usr/local/lib/python3.12/dist-packages/nbconvert/filters/filter_links.py:36: SyntaxWarning: invalid escape sequence '\\_'\n"}
,{"stream_name":"stderr","time":24.549431965,"data":"  text = re.sub(r'_', '\\_', text) # Escape underscores in display text\n"}
,{"stream_name":"stderr","time":25.121732986,"data":"[NbConvertApp] Converting notebook __notebook__.ipynb to notebook\n"}
,{"stream_name":"stderr","time":25.423647574,"data":"[NbConvertApp] Writing 70649 bytes to __notebook__.ipynb\n"}
,{"stream_name":"stderr","time":27.697536832,"data":"[NbConvertApp] Converting notebook __notebook__.ipynb to html\n"}
,{"stream_name":"stderr","time":28.5856944,"data":"[NbConvertApp] Writing 480465 bytes to __results__.html\n"}
]